// Jest Snapshot v1, https://goo.gl/fbAQLP

exports[`CustomRow renders correctly 1`] = `
<div
  className="p-10"
>
  <div
    className="row"
  >
    <div
      className="col-xs-12 col-sm-10 col-md-8 col-sm-offset-1 col-sm-offset-2 col-lg-offset-2"
    />
  </div>
</div>
`;
