// Jest Snapshot v1, https://goo.gl/fbAQLP

exports[`TableHeader renders correctly 1`] = `
<h1
  className="App-intro m-t-50 m-b-20 center"
>
  Server Configurations are listed below.
</h1>
`;
